PHPUnit 11.5.55 by Sebastian Bergmann and contributors.

Runtime:       PHP 8.2.12
Configuration: C:\Users\PC\Desktop\workflow\VectoriaRentCar\backend\phpunit.xml

E                                                                   1 / 1 (100%)

Time: 00:01.389, Memory: 44.00 MB

There was 1 error:

1) Tests\Feature\AvailabilityEngineTest::test_prevents_double_booking_using_engine
Illuminate\Database\QueryException: SQLSTATE[23000]: Integrity constraint violation: 19 NOT NULL constraint failed: clients.email (Connection: sqlite, Database: :memory:, SQL: insert into "clients" ("name", "phone", "cin", "license", "updated_at", "created_at") values (Ms. Luella Crist, +13124600158, su919718, LC-53669812, 2026-04-28 20:57:52, 2026-04-28 20:57:52))

C:\Users\PC\Desktop\workflow\VectoriaRentCar\backend\vendor\laravel\framework\src\Illuminate\Database\Connection.php:838
C:\Users\PC\Desktop\workflow\VectoriaRentCar\backend\vendor\laravel\framework\src\Illuminate\Database\Connection.php:794
C:\Users\PC\Desktop\workflow\VectoriaRentCar\backend\vendor\laravel\framework\src\Illuminate\Database\Connection.php:573
C:\Users\PC\Desktop\workflow\VectoriaRentCar\backend\vendor\laravel\framework\src\Illuminate\Database\Connection.php:537
C:\Users\PC\Desktop\workflow\VectoriaRentCar\backend\vendor\laravel\framework\src\Illuminate\Database\Query\Processors\Processor.php:32
C:\Users\PC\Desktop\workflow\VectoriaRentCar\backend\vendor\laravel\framework\src\Illuminate\Database\Query\Builder.php:4170
C:\Users\PC\Desktop\workflow\VectoriaRentCar\backend\vendor\laravel\framework\src\Illuminate\Database\Eloquent\Builder.php:2237
C:\Users\PC\Desktop\workflow\VectoriaRentCar\backend\vendor\laravel\framework\src\Illuminate\Database\Eloquent\Model.php:1436
C:\Users\PC\Desktop\workflow\VectoriaRentCar\backend\vendor\laravel\framework\src\Illuminate\Database\Eloquent\Model.php:1401
C:\Users\PC\Desktop\workflow\VectoriaRentCar\backend\vendor\laravel\framework\src\Illuminate\Database\Eloquent\Model.php:1240
C:\Users\PC\Desktop\workflow\VectoriaRentCar\backend\vendor\laravel\framework\src\Illuminate\Database\Eloquent\Factories\Factory.php:370
C:\Users\PC\Desktop\workflow\VectoriaRentCar\backend\vendor\laravel\framework\src\Illuminate\Collections\Traits\EnumeratesValues.php:275
C:\Users\PC\Desktop\workflow\VectoriaRentCar\backend\vendor\laravel\framework\src\Illuminate\Database\Eloquent\Factories\Factory.php:365
C:\Users\PC\Desktop\workflow\VectoriaRentCar\backend\vendor\laravel\framework\src\Illuminate\Database\Eloquent\Factories\Factory.php:321
C:\Users\PC\Desktop\workflow\VectoriaRentCar\backend\tests\Feature\AvailabilityEngineTest.php:20

Caused by
PDOException: SQLSTATE[23000]: Integrity constraint violation: 19 NOT NULL constraint failed: clients.email

C:\Users\PC\Desktop\workflow\VectoriaRentCar\backend\vendor\laravel\framework\src\Illuminate\Database\Connection.php:584
C:\Users\PC\Desktop\workflow\VectoriaRentCar\backend\vendor\laravel\framework\src\Illuminate\Database\Connection.php:827
C:\Users\PC\Desktop\workflow\VectoriaRentCar\backend\vendor\laravel\framework\src\Illuminate\Database\Connection.php:794
C:\Users\PC\Desktop\workflow\VectoriaRentCar\backend\vendor\laravel\framework\src\Illuminate\Database\Connection.php:573
C:\Users\PC\Desktop\workflow\VectoriaRentCar\backend\vendor\laravel\framework\src\Illuminate\Database\Connection.php:537
C:\Users\PC\Desktop\workflow\VectoriaRentCar\backend\vendor\laravel\framework\src\Illuminate\Database\Query\Processors\Processor.php:32
C:\Users\PC\Desktop\workflow\VectoriaRentCar\backend\vendor\laravel\framework\src\Illuminate\Database\Query\Builder.php:4170
C:\Users\PC\Desktop\workflow\VectoriaRentCar\backend\vendor\laravel\framework\src\Illuminate\Database\Eloquent\Builder.php:2237
C:\Users\PC\Desktop\workflow\VectoriaRentCar\backend\vendor\laravel\framework\src\Illuminate\Database\Eloquent\Model.php:1436
C:\Users\PC\Desktop\workflow\VectoriaRentCar\backend\vendor\laravel\framework\src\Illuminate\Database\Eloquent\Model.php:1401
C:\Users\PC\Desktop\workflow\VectoriaRentCar\backend\vendor\laravel\framework\src\Illuminate\Database\Eloquent\Model.php:1240
C:\Users\PC\Desktop\workflow\VectoriaRentCar\backend\vendor\laravel\framework\src\Illuminate\Database\Eloquent\Factories\Factory.php:370
C:\Users\PC\Desktop\workflow\VectoriaRentCar\backend\vendor\laravel\framework\src\Illuminate\Collections\Traits\EnumeratesValues.php:275
C:\Users\PC\Desktop\workflow\VectoriaRentCar\backend\vendor\laravel\framework\src\Illuminate\Database\Eloquent\Factories\Factory.php:365
C:\Users\PC\Desktop\workflow\VectoriaRentCar\backend\vendor\laravel\framework\src\Illuminate\Database\Eloquent\Factories\Factory.php:321
C:\Users\PC\Desktop\workflow\VectoriaRentCar\backend\tests\Feature\AvailabilityEngineTest.php:20

ERRORS!
Tests: 1, Assertions: 0, Errors: 1.
